// Jest Snapshot v1, https://goo.gl/fbAQLP

exports[`angle 1`] = `85.23635830927383`;

exports[`area 1`] = `15000`;

exports[`circumcircle 1`] = `
Object {
  "r": 141.91155304938667,
  "x": 191.66666666666666,
  "y": 208.33333333333334,
}
`;

exports[`dist 1`] = `111.80339887498948`;
